// Jest Snapshot v1, https://goo.gl/fbAQLP

exports[`MinnaToasts component renders correctly with defaults 1`] = `""`;
