// Jest Snapshot v1, https://goo.gl/fbAQLP

exports[`ToastLauncher component renders correctly with defaults 1`] = `""`;
