// Jest Snapshot v1, https://goo.gl/fbAQLP

exports[`Toast component renders correctly with defaults 1`] = `""`;
