// Jest Snapshot v1, https://goo.gl/fbAQLP

exports[`build-component tool compiles package css bundle 1`] = `
"@media screen and (min-width: 30em){body{margin:0
  }}.text.svelte-sqztf2{color:rgb(255, 0, 0)}.text.svelte-sqztf2:focus{background:rgb(0, 0, 0)}.wrapper.svelte-sqztf2>.text.svelte-sqztf2{margin-top:1rem}
"
`;
