// Jest Snapshot v1, https://goo.gl/fbAQLP

exports[`Svelte markup preprocessor creates and mounts a component 1`] = `"<div class=\\"wrapper\\"><div class=\\"text\\">test Elon Musk</div> <div class=\\"text\\">test <span>ksuM nolE</span></div></div>"`;

exports[`Svelte markup preprocessor processes a component 1`] = `
"<!--
  TEST COMPONENT

  A simple Svelte component for use in tests.

  NOTE:
    In the code, object properties starting with _ are safe to mangle; the name
    can be shortened at build time for smaller JavaScript bundles.

--> <div class=\\"wrapper\\"> <div class=\\"text\\" ref:_target> test {_name} </div> <div class=\\"text\\" ref:_nameReversed> test <span>{_reversed}</span> </div> </div> <script> export default {
    data: () => ({
      _name: 'Elon Musk',
    }),
    computed: {
      _reversed: ({ _name }) => _name.split('').reverse().join(''),
    },
  }; </script> <style>/*discarded*/</style> "
`;

exports[`Svelte markup preprocessor processes a simple component 1`] = `" <div id=\\"target\\"> test </div> <hr class=\\"one two three\\"> <input type=\\"text\\" name=\\"test\\" class=\\"\\" readonly=\\"readonly\\"> whitespace <!-- comment --> <!----> "`;

exports[`Svelte markup preprocessor processes a simple component with unsafe 1`] = `" <div id=\\"target\\"> test </div> <hr class=\\"one three two\\"> <input class=\\"\\" name=\\"test\\" readonly> whitespace <!-- comment --> <!----> "`;

exports[`Svelte markup preprocessor processes a simple component with unsafeWhitespace 1`] = `"<div id=\\"target\\">test</div><hr class=\\"one two three\\"><input type=\\"text\\" name=\\"test\\" class=\\"\\" readonly=\\"readonly\\"> whitespace<!-- comment --><!---->"`;
