// Jest Snapshot v1, https://goo.gl/fbAQLP

exports[`Tabs component renders correctly with defaults 1`] = `"<div class=\\"tabs\\"></div>"`;
