// Jest Snapshot v1, https://goo.gl/fbAQLP

exports[`CodeView component renders correctly with defaults 1`] = `""`;
