// Jest Snapshot v1, https://goo.gl/fbAQLP

exports[`Svelte markup preprocessor processes a component 1`] = `
"<script>
  export let name = 'Elon Musk';

  $: reversed = name.split('').reverse().join('');

  // refs
  let target;
  let nameReversed;
</script><style type=\\"text/postcss\\">/*discarded*/</style><div class=\\"wrapper\\"><div class=\\"text\\" bind:this=\\"{target}\\"> test {name} </div><div class=\\"text\\" bind:this=\\"{nameReversed}\\"> test <span>{reversed}</span></div></div>"
`;
