// Jest Snapshot v1, https://goo.gl/fbAQLP

exports[`build-component tool compiles package css bundle 1`] = `
".text.svelte-10b3cch{color:red}.text.svelte-10b3cch:focus{background:#000}.wrapper.svelte-10b3cch>.text.svelte-10b3cch{margin-top:1rem}@media screen and (min-width:30em){body{margin:0}}
"
`;
